------------------------------------------------------------
TimeQuest Timing Analyzer Summary
------------------------------------------------------------

Type  : Slow Model Setup 'memRead'
Slack : -16.204
TNS   : -501.474

Type  : Slow Model Setup 'clock'
Slack : -14.438
TNS   : -38067.451

Type  : Slow Model Hold 'clock'
Slack : 0.531
TNS   : 0.000

Type  : Slow Model Hold 'memRead'
Slack : 3.188
TNS   : 0.000

Type  : Slow Model Minimum Pulse Width 'clock'
Slack : -1.380
TNS   : -3104.380

Type  : Slow Model Minimum Pulse Width 'memRead'
Slack : -1.380
TNS   : -1.380

Type  : Fast Model Setup 'memRead'
Slack : -6.932
TNS   : -215.164

Type  : Fast Model Setup 'clock'
Slack : -6.036
TNS   : -15431.269

Type  : Fast Model Hold 'clock'
Slack : 0.243
TNS   : 0.000

Type  : Fast Model Hold 'memRead'
Slack : 1.799
TNS   : 0.000

Type  : Fast Model Minimum Pulse Width 'clock'
Slack : -1.380
TNS   : -3104.380

Type  : Fast Model Minimum Pulse Width 'memRead'
Slack : -1.380
TNS   : -1.380

------------------------------------------------------------
