Simulator report for FSM
Thu Nov 16 00:43:22 2023
Quartus II 64-Bit Version 13.0.1 Build 232 06/12/2013 Service Pack 1 SJ Web Edition


---------------------
; Table of Contents ;
---------------------
  1. Legal Notice
  2. Simulator Summary
  3. Simulator Settings
  4. Simulation Waveforms
  5. Coverage Summary
  6. Complete 1/0-Value Coverage
  7. Missing 1-Value Coverage
  8. Missing 0-Value Coverage
  9. Simulator INI Usage
 10. Simulator Messages



----------------
; Legal Notice ;
----------------
Copyright (C) 1991-2013 Altera Corporation
Your use of Altera Corporation's design tools, logic functions 
and other software and tools, and its AMPP partner logic 
functions, and any output files from any of the foregoing 
(including device programming or simulation files), and any 
associated documentation or information are expressly subject 
to the terms and conditions of the Altera Program License 
Subscription Agreement, Altera MegaCore Function License 
Agreement, or other applicable license agreement, including, 
without limitation, that your use is for the sole purpose of 
programming logic devices manufactured by Altera and sold by 
Altera or its authorized distributors.  Please refer to the 
applicable agreement for further details.



+--------------------------------------------+
; Simulator Summary                          ;
+-----------------------------+--------------+
; Type                        ; Value        ;
+-----------------------------+--------------+
; Simulation Start Time       ; 0 ps         ;
; Simulation End Time         ; 1.0 us       ;
; Simulation Netlist Size     ; 171 nodes    ;
; Simulation Coverage         ;      93.57 % ;
; Total Number of Transitions ; 3749         ;
; Simulation Breakpoints      ; 0            ;
; Family                      ; Cyclone II   ;
+-----------------------------+--------------+


+------------------------------------------------------------------------------------------------------------------------------------------------------------------------------------------------------------+
; Simulator Settings                                                                                                                                                                                         ;
+--------------------------------------------------------------------------------------------+-----------------------------------------------------------------------------------------------+---------------+
; Option                                                                                     ; Setting                                                                                       ; Default Value ;
+--------------------------------------------------------------------------------------------+-----------------------------------------------------------------------------------------------+---------------+
; Simulation mode                                                                            ; Functional                                                                                    ; Timing        ;
; Start time                                                                                 ; 0 ns                                                                                          ; 0 ns          ;
; Simulation results format                                                                  ; VWF                                                                                           ;               ;
; Vector input source                                                                        ; D:/University/Thiet_Ke_He_Thong_So_Voi_HDL/TH/LAB3/quartus_project/morse_encoder_Waveform.vwf ;               ;
; Add pins automatically to simulation output waveforms                                      ; On                                                                                            ; On            ;
; Check outputs                                                                              ; Off                                                                                           ; Off           ;
; Report simulation coverage                                                                 ; On                                                                                            ; On            ;
; Display complete 1/0 value coverage report                                                 ; On                                                                                            ; On            ;
; Display missing 1-value coverage report                                                    ; On                                                                                            ; On            ;
; Display missing 0-value coverage report                                                    ; On                                                                                            ; On            ;
; Detect setup and hold time violations                                                      ; Off                                                                                           ; Off           ;
; Detect glitches                                                                            ; Off                                                                                           ; Off           ;
; Disable timing delays in Timing Simulation                                                 ; Off                                                                                           ; Off           ;
; Generate Signal Activity File                                                              ; Off                                                                                           ; Off           ;
; Generate VCD File for PowerPlay Power Analyzer                                             ; Off                                                                                           ; Off           ;
; Group bus channels in simulation results                                                   ; Off                                                                                           ; Off           ;
; Preserve fewer signal transitions to reduce memory requirements                            ; On                                                                                            ; On            ;
; Trigger vector comparison with the specified mode                                          ; INPUT_EDGE                                                                                    ; INPUT_EDGE    ;
; Disable setup and hold time violations detection in input registers of bi-directional pins ; Off                                                                                           ; Off           ;
; Overwrite Waveform Inputs With Simulation Outputs                                          ; Off                                                                                           ;               ;
; Perform Glitch Filtering in Timing Simulation                                              ; Auto                                                                                          ; Auto          ;
+--------------------------------------------------------------------------------------------+-----------------------------------------------------------------------------------------------+---------------+


+----------------------+
; Simulation Waveforms ;
+----------------------+
Waveform report data cannot be output to ASCII.
Please use Quartus II 64-Bit to view the waveform report data.


+--------------------------------------------------------------------+
; Coverage Summary                                                   ;
+-----------------------------------------------------+--------------+
; Type                                                ; Value        ;
+-----------------------------------------------------+--------------+
; Total coverage as a percentage                      ;      93.57 % ;
; Total nodes checked                                 ; 171          ;
; Total output ports checked                          ; 171          ;
; Total output ports with complete 1/0-value coverage ; 160          ;
; Total output ports with no 1/0-value coverage       ; 7            ;
; Total output ports with no 1-value coverage         ; 11           ;
; Total output ports with no 0-value coverage         ; 7            ;
+-----------------------------------------------------+--------------+


The following table displays output ports that toggle between 1 and 0 during simulation.
+--------------------------------------------------------------------------------------------------------------------------------------------------------------+
; Complete 1/0-Value Coverage                                                                                                                                  ;
+---------------------------------------------------------------------+---------------------------------------------------------------------+------------------+
; Node Name                                                           ; Output Port Name                                                    ; Output Port Type ;
+---------------------------------------------------------------------+---------------------------------------------------------------------+------------------+
; |morse_encoder|next_state~0                                         ; |morse_encoder|next_state~0                                         ; out0             ;
; |morse_encoder|next_state~1                                         ; |morse_encoder|next_state~1                                         ; out0             ;
; |morse_encoder|next_state~2                                         ; |morse_encoder|next_state~2                                         ; out0             ;
; |morse_encoder|next_state~3                                         ; |morse_encoder|next_state~3                                         ; out0             ;
; |morse_encoder|next_state~4                                         ; |morse_encoder|next_state~4                                         ; out0             ;
; |morse_encoder|next_state~5                                         ; |morse_encoder|next_state~5                                         ; out0             ;
; |morse_encoder|next_state~6                                         ; |morse_encoder|next_state~6                                         ; out0             ;
; |morse_encoder|next_state~7                                         ; |morse_encoder|next_state~7                                         ; out0             ;
; |morse_encoder|next_state~8                                         ; |morse_encoder|next_state~8                                         ; out0             ;
; |morse_encoder|next_state~9                                         ; |morse_encoder|next_state~9                                         ; out0             ;
; |morse_encoder|next_state~10                                        ; |morse_encoder|next_state~10                                        ; out0             ;
; |morse_encoder|next_state~11                                        ; |morse_encoder|next_state~11                                        ; out0             ;
; |morse_encoder|next_state~12                                        ; |morse_encoder|next_state~12                                        ; out0             ;
; |morse_encoder|next_state~13                                        ; |morse_encoder|next_state~13                                        ; out0             ;
; |morse_encoder|next_state~14                                        ; |morse_encoder|next_state~14                                        ; out0             ;
; |morse_encoder|next_state~15                                        ; |morse_encoder|next_state~15                                        ; out0             ;
; |morse_encoder|next_state~16                                        ; |morse_encoder|next_state~16                                        ; out0             ;
; |morse_encoder|next_state~17                                        ; |morse_encoder|next_state~17                                        ; out0             ;
; |morse_encoder|next_state~19                                        ; |morse_encoder|next_state~19                                        ; out0             ;
; |morse_encoder|next_state~20                                        ; |morse_encoder|next_state~20                                        ; out0             ;
; |morse_encoder|next_state~21                                        ; |morse_encoder|next_state~21                                        ; out0             ;
; |morse_encoder|next_state~22                                        ; |morse_encoder|next_state~22                                        ; out0             ;
; |morse_encoder|next_state~23                                        ; |morse_encoder|next_state~23                                        ; out0             ;
; |morse_encoder|next_state~24                                        ; |morse_encoder|next_state~24                                        ; out0             ;
; |morse_encoder|char[1]                                              ; |morse_encoder|char[1]                                              ; out              ;
; |morse_encoder|change~0                                             ; |morse_encoder|change~0                                             ; out0             ;
; |morse_encoder|WideOr0                                              ; |morse_encoder|WideOr0                                              ; out0             ;
; |morse_encoder|next_state~25                                        ; |morse_encoder|next_state~25                                        ; out0             ;
; |morse_encoder|char[0]                                              ; |morse_encoder|char[0]                                              ; out              ;
; |morse_encoder|time_sec~0                                           ; |morse_encoder|time_sec~0                                           ; out              ;
; |morse_encoder|time_sec~1                                           ; |morse_encoder|time_sec~1                                           ; out              ;
; |morse_encoder|time_sec[1]                                          ; |morse_encoder|time_sec[1]                                          ; regout           ;
; |morse_encoder|time_sec[0]                                          ; |morse_encoder|time_sec[0]                                          ; regout           ;
; |morse_encoder|present_state[2]~reg0                                ; |morse_encoder|present_state[2]~reg0                                ; regout           ;
; |morse_encoder|present_state[1]~reg0                                ; |morse_encoder|present_state[1]~reg0                                ; regout           ;
; |morse_encoder|present_state[2]~0                                   ; |morse_encoder|present_state[2]~0                                   ; out0             ;
; |morse_encoder|present_state[0]~reg0                                ; |morse_encoder|present_state[0]~reg0                                ; regout           ;
; |morse_encoder|morse~0                                              ; |morse_encoder|morse~0                                              ; out0             ;
; |morse_encoder|morse~1                                              ; |morse_encoder|morse~1                                              ; out0             ;
; |morse_encoder|morse~2                                              ; |morse_encoder|morse~2                                              ; out0             ;
; |morse_encoder|morse~3                                              ; |morse_encoder|morse~3                                              ; out0             ;
; |morse_encoder|morse~4                                              ; |morse_encoder|morse~4                                              ; out0             ;
; |morse_encoder|morse~5                                              ; |morse_encoder|morse~5                                              ; out0             ;
; |morse_encoder|morse~6                                              ; |morse_encoder|morse~6                                              ; out0             ;
; |morse_encoder|char[2]                                              ; |morse_encoder|char[2]                                              ; out              ;
; |morse_encoder|morse~7                                              ; |morse_encoder|morse~7                                              ; out0             ;
; |morse_encoder|morse~8                                              ; |morse_encoder|morse~8                                              ; out0             ;
; |morse_encoder|morse~9                                              ; |morse_encoder|morse~9                                              ; out0             ;
; |morse_encoder|morse                                                ; |morse_encoder|morse                                                ; pin_out          ;
; |morse_encoder|clk                                                  ; |morse_encoder|clk                                                  ; out              ;
; |morse_encoder|SW[0]                                                ; |morse_encoder|SW[0]                                                ; out              ;
; |morse_encoder|SW[1]                                                ; |morse_encoder|SW[1]                                                ; out              ;
; |morse_encoder|SW[2]                                                ; |morse_encoder|SW[2]                                                ; out              ;
; |morse_encoder|KEY[1]                                               ; |morse_encoder|KEY[1]                                               ; out              ;
; |morse_encoder|present_state[0]                                     ; |morse_encoder|present_state[0]                                     ; pin_out          ;
; |morse_encoder|present_state[1]                                     ; |morse_encoder|present_state[1]                                     ; pin_out          ;
; |morse_encoder|present_state[2]                                     ; |morse_encoder|present_state[2]                                     ; pin_out          ;
; |morse_encoder|Decoder0~0                                           ; |morse_encoder|Decoder0~0                                           ; out0             ;
; |morse_encoder|Decoder0~1                                           ; |morse_encoder|Decoder0~1                                           ; out0             ;
; |morse_encoder|Decoder0~2                                           ; |morse_encoder|Decoder0~2                                           ; out0             ;
; |morse_encoder|Decoder0~3                                           ; |morse_encoder|Decoder0~3                                           ; out0             ;
; |morse_encoder|Decoder1~0                                           ; |morse_encoder|Decoder1~0                                           ; out0             ;
; |morse_encoder|Decoder1~1                                           ; |morse_encoder|Decoder1~1                                           ; out0             ;
; |morse_encoder|Add0~0                                               ; |morse_encoder|Add0~0                                               ; out0             ;
; |morse_encoder|Equal0~0                                             ; |morse_encoder|Equal0~0                                             ; out0             ;
; |morse_encoder|Equal3~0                                             ; |morse_encoder|Equal3~0                                             ; out0             ;
; |morse_encoder|Equal4~0                                             ; |morse_encoder|Equal4~0                                             ; out0             ;
; |morse_encoder|Equal5~0                                             ; |morse_encoder|Equal5~0                                             ; out0             ;
; |morse_encoder|Equal6~0                                             ; |morse_encoder|Equal6~0                                             ; out0             ;
; |morse_encoder|Equal7~0                                             ; |morse_encoder|Equal7~0                                             ; out0             ;
; |morse_encoder|Equal8~0                                             ; |morse_encoder|Equal8~0                                             ; out0             ;
; |morse_encoder|Equal10~0                                            ; |morse_encoder|Equal10~0                                            ; out0             ;
; |morse_encoder|Equal11~0                                            ; |morse_encoder|Equal11~0                                            ; out0             ;
; |morse_encoder|Equal12~0                                            ; |morse_encoder|Equal12~0                                            ; out0             ;
; |morse_encoder|lpm_mux:Mux1|mux_3nc:auto_generated|_~0              ; |morse_encoder|lpm_mux:Mux1|mux_3nc:auto_generated|_~0              ; out0             ;
; |morse_encoder|lpm_mux:Mux1|mux_3nc:auto_generated|_~1              ; |morse_encoder|lpm_mux:Mux1|mux_3nc:auto_generated|_~1              ; out0             ;
; |morse_encoder|lpm_mux:Mux1|mux_3nc:auto_generated|_~2              ; |morse_encoder|lpm_mux:Mux1|mux_3nc:auto_generated|_~2              ; out0             ;
; |morse_encoder|lpm_mux:Mux1|mux_3nc:auto_generated|_~3              ; |morse_encoder|lpm_mux:Mux1|mux_3nc:auto_generated|_~3              ; out0             ;
; |morse_encoder|lpm_mux:Mux1|mux_3nc:auto_generated|_~4              ; |morse_encoder|lpm_mux:Mux1|mux_3nc:auto_generated|_~4              ; out0             ;
; |morse_encoder|lpm_mux:Mux1|mux_3nc:auto_generated|_~5              ; |morse_encoder|lpm_mux:Mux1|mux_3nc:auto_generated|_~5              ; out0             ;
; |morse_encoder|lpm_mux:Mux1|mux_3nc:auto_generated|_~6              ; |morse_encoder|lpm_mux:Mux1|mux_3nc:auto_generated|_~6              ; out0             ;
; |morse_encoder|lpm_mux:Mux1|mux_3nc:auto_generated|_~7              ; |morse_encoder|lpm_mux:Mux1|mux_3nc:auto_generated|_~7              ; out0             ;
; |morse_encoder|lpm_mux:Mux1|mux_3nc:auto_generated|_~8              ; |morse_encoder|lpm_mux:Mux1|mux_3nc:auto_generated|_~8              ; out0             ;
; |morse_encoder|lpm_mux:Mux1|mux_3nc:auto_generated|_~9              ; |morse_encoder|lpm_mux:Mux1|mux_3nc:auto_generated|_~9              ; out0             ;
; |morse_encoder|lpm_mux:Mux1|mux_3nc:auto_generated|_~10             ; |morse_encoder|lpm_mux:Mux1|mux_3nc:auto_generated|_~10             ; out0             ;
; |morse_encoder|lpm_mux:Mux1|mux_3nc:auto_generated|_~11             ; |morse_encoder|lpm_mux:Mux1|mux_3nc:auto_generated|_~11             ; out0             ;
; |morse_encoder|lpm_mux:Mux1|mux_3nc:auto_generated|_~12             ; |morse_encoder|lpm_mux:Mux1|mux_3nc:auto_generated|_~12             ; out0             ;
; |morse_encoder|lpm_mux:Mux1|mux_3nc:auto_generated|_~13             ; |morse_encoder|lpm_mux:Mux1|mux_3nc:auto_generated|_~13             ; out0             ;
; |morse_encoder|lpm_mux:Mux1|mux_3nc:auto_generated|_~14             ; |morse_encoder|lpm_mux:Mux1|mux_3nc:auto_generated|_~14             ; out0             ;
; |morse_encoder|lpm_mux:Mux1|mux_3nc:auto_generated|_~15             ; |morse_encoder|lpm_mux:Mux1|mux_3nc:auto_generated|_~15             ; out0             ;
; |morse_encoder|lpm_mux:Mux1|mux_3nc:auto_generated|_~16             ; |morse_encoder|lpm_mux:Mux1|mux_3nc:auto_generated|_~16             ; out0             ;
; |morse_encoder|lpm_mux:Mux1|mux_3nc:auto_generated|_~17             ; |morse_encoder|lpm_mux:Mux1|mux_3nc:auto_generated|_~17             ; out0             ;
; |morse_encoder|lpm_mux:Mux1|mux_3nc:auto_generated|_~19             ; |morse_encoder|lpm_mux:Mux1|mux_3nc:auto_generated|_~19             ; out0             ;
; |morse_encoder|lpm_mux:Mux1|mux_3nc:auto_generated|_~20             ; |morse_encoder|lpm_mux:Mux1|mux_3nc:auto_generated|_~20             ; out0             ;
; |morse_encoder|lpm_mux:Mux1|mux_3nc:auto_generated|result_node[0]~0 ; |morse_encoder|lpm_mux:Mux1|mux_3nc:auto_generated|result_node[0]~0 ; out0             ;
; |morse_encoder|lpm_mux:Mux1|mux_3nc:auto_generated|_~21             ; |morse_encoder|lpm_mux:Mux1|mux_3nc:auto_generated|_~21             ; out0             ;
; |morse_encoder|lpm_mux:Mux1|mux_3nc:auto_generated|_~22             ; |morse_encoder|lpm_mux:Mux1|mux_3nc:auto_generated|_~22             ; out0             ;
; |morse_encoder|lpm_mux:Mux1|mux_3nc:auto_generated|_~23             ; |morse_encoder|lpm_mux:Mux1|mux_3nc:auto_generated|_~23             ; out0             ;
; |morse_encoder|lpm_mux:Mux1|mux_3nc:auto_generated|_~24             ; |morse_encoder|lpm_mux:Mux1|mux_3nc:auto_generated|_~24             ; out0             ;
; |morse_encoder|lpm_mux:Mux1|mux_3nc:auto_generated|_~25             ; |morse_encoder|lpm_mux:Mux1|mux_3nc:auto_generated|_~25             ; out0             ;
; |morse_encoder|lpm_mux:Mux1|mux_3nc:auto_generated|_~26             ; |morse_encoder|lpm_mux:Mux1|mux_3nc:auto_generated|_~26             ; out0             ;
; |morse_encoder|lpm_mux:Mux1|mux_3nc:auto_generated|_~27             ; |morse_encoder|lpm_mux:Mux1|mux_3nc:auto_generated|_~27             ; out0             ;
; |morse_encoder|lpm_mux:Mux1|mux_3nc:auto_generated|_~28             ; |morse_encoder|lpm_mux:Mux1|mux_3nc:auto_generated|_~28             ; out0             ;
; |morse_encoder|lpm_mux:Mux1|mux_3nc:auto_generated|_~29             ; |morse_encoder|lpm_mux:Mux1|mux_3nc:auto_generated|_~29             ; out0             ;
; |morse_encoder|lpm_mux:Mux1|mux_3nc:auto_generated|_~30             ; |morse_encoder|lpm_mux:Mux1|mux_3nc:auto_generated|_~30             ; out0             ;
; |morse_encoder|lpm_mux:Mux1|mux_3nc:auto_generated|_~31             ; |morse_encoder|lpm_mux:Mux1|mux_3nc:auto_generated|_~31             ; out0             ;
; |morse_encoder|lpm_mux:Mux1|mux_3nc:auto_generated|_~32             ; |morse_encoder|lpm_mux:Mux1|mux_3nc:auto_generated|_~32             ; out0             ;
; |morse_encoder|lpm_mux:Mux1|mux_3nc:auto_generated|_~33             ; |morse_encoder|lpm_mux:Mux1|mux_3nc:auto_generated|_~33             ; out0             ;
; |morse_encoder|lpm_mux:Mux1|mux_3nc:auto_generated|_~34             ; |morse_encoder|lpm_mux:Mux1|mux_3nc:auto_generated|_~34             ; out0             ;
; |morse_encoder|lpm_mux:Mux1|mux_3nc:auto_generated|_~35             ; |morse_encoder|lpm_mux:Mux1|mux_3nc:auto_generated|_~35             ; out0             ;
; |morse_encoder|lpm_mux:Mux1|mux_3nc:auto_generated|_~36             ; |morse_encoder|lpm_mux:Mux1|mux_3nc:auto_generated|_~36             ; out0             ;
; |morse_encoder|lpm_mux:Mux1|mux_3nc:auto_generated|_~37             ; |morse_encoder|lpm_mux:Mux1|mux_3nc:auto_generated|_~37             ; out0             ;
; |morse_encoder|lpm_mux:Mux1|mux_3nc:auto_generated|_~38             ; |morse_encoder|lpm_mux:Mux1|mux_3nc:auto_generated|_~38             ; out0             ;
; |morse_encoder|lpm_mux:Mux1|mux_3nc:auto_generated|_~39             ; |morse_encoder|lpm_mux:Mux1|mux_3nc:auto_generated|_~39             ; out0             ;
; |morse_encoder|lpm_mux:Mux1|mux_3nc:auto_generated|_~41             ; |morse_encoder|lpm_mux:Mux1|mux_3nc:auto_generated|_~41             ; out0             ;
; |morse_encoder|lpm_mux:Mux1|mux_3nc:auto_generated|_~42             ; |morse_encoder|lpm_mux:Mux1|mux_3nc:auto_generated|_~42             ; out0             ;
; |morse_encoder|lpm_mux:Mux1|mux_3nc:auto_generated|result_node[0]~1 ; |morse_encoder|lpm_mux:Mux1|mux_3nc:auto_generated|result_node[0]~1 ; out0             ;
; |morse_encoder|lpm_mux:Mux1|mux_3nc:auto_generated|result_node[0]   ; |morse_encoder|lpm_mux:Mux1|mux_3nc:auto_generated|result_node[0]   ; out0             ;
; |morse_encoder|lpm_mux:Mux0|mux_3nc:auto_generated|_~1              ; |morse_encoder|lpm_mux:Mux0|mux_3nc:auto_generated|_~1              ; out0             ;
; |morse_encoder|lpm_mux:Mux0|mux_3nc:auto_generated|_~2              ; |morse_encoder|lpm_mux:Mux0|mux_3nc:auto_generated|_~2              ; out0             ;
; |morse_encoder|lpm_mux:Mux0|mux_3nc:auto_generated|_~3              ; |morse_encoder|lpm_mux:Mux0|mux_3nc:auto_generated|_~3              ; out0             ;
; |morse_encoder|lpm_mux:Mux0|mux_3nc:auto_generated|_~4              ; |morse_encoder|lpm_mux:Mux0|mux_3nc:auto_generated|_~4              ; out0             ;
; |morse_encoder|lpm_mux:Mux0|mux_3nc:auto_generated|_~5              ; |morse_encoder|lpm_mux:Mux0|mux_3nc:auto_generated|_~5              ; out0             ;
; |morse_encoder|lpm_mux:Mux0|mux_3nc:auto_generated|_~6              ; |morse_encoder|lpm_mux:Mux0|mux_3nc:auto_generated|_~6              ; out0             ;
; |morse_encoder|lpm_mux:Mux0|mux_3nc:auto_generated|_~7              ; |morse_encoder|lpm_mux:Mux0|mux_3nc:auto_generated|_~7              ; out0             ;
; |morse_encoder|lpm_mux:Mux0|mux_3nc:auto_generated|_~8              ; |morse_encoder|lpm_mux:Mux0|mux_3nc:auto_generated|_~8              ; out0             ;
; |morse_encoder|lpm_mux:Mux0|mux_3nc:auto_generated|_~10             ; |morse_encoder|lpm_mux:Mux0|mux_3nc:auto_generated|_~10             ; out0             ;
; |morse_encoder|lpm_mux:Mux0|mux_3nc:auto_generated|_~11             ; |morse_encoder|lpm_mux:Mux0|mux_3nc:auto_generated|_~11             ; out0             ;
; |morse_encoder|lpm_mux:Mux0|mux_3nc:auto_generated|_~12             ; |morse_encoder|lpm_mux:Mux0|mux_3nc:auto_generated|_~12             ; out0             ;
; |morse_encoder|lpm_mux:Mux0|mux_3nc:auto_generated|_~13             ; |morse_encoder|lpm_mux:Mux0|mux_3nc:auto_generated|_~13             ; out0             ;
; |morse_encoder|lpm_mux:Mux0|mux_3nc:auto_generated|_~14             ; |morse_encoder|lpm_mux:Mux0|mux_3nc:auto_generated|_~14             ; out0             ;
; |morse_encoder|lpm_mux:Mux0|mux_3nc:auto_generated|_~15             ; |morse_encoder|lpm_mux:Mux0|mux_3nc:auto_generated|_~15             ; out0             ;
; |morse_encoder|lpm_mux:Mux0|mux_3nc:auto_generated|_~16             ; |morse_encoder|lpm_mux:Mux0|mux_3nc:auto_generated|_~16             ; out0             ;
; |morse_encoder|lpm_mux:Mux0|mux_3nc:auto_generated|_~17             ; |morse_encoder|lpm_mux:Mux0|mux_3nc:auto_generated|_~17             ; out0             ;
; |morse_encoder|lpm_mux:Mux0|mux_3nc:auto_generated|_~18             ; |morse_encoder|lpm_mux:Mux0|mux_3nc:auto_generated|_~18             ; out0             ;
; |morse_encoder|lpm_mux:Mux0|mux_3nc:auto_generated|_~19             ; |morse_encoder|lpm_mux:Mux0|mux_3nc:auto_generated|_~19             ; out0             ;
; |morse_encoder|lpm_mux:Mux0|mux_3nc:auto_generated|_~20             ; |morse_encoder|lpm_mux:Mux0|mux_3nc:auto_generated|_~20             ; out0             ;
; |morse_encoder|lpm_mux:Mux0|mux_3nc:auto_generated|result_node[0]~0 ; |morse_encoder|lpm_mux:Mux0|mux_3nc:auto_generated|result_node[0]~0 ; out0             ;
; |morse_encoder|lpm_mux:Mux0|mux_3nc:auto_generated|_~21             ; |morse_encoder|lpm_mux:Mux0|mux_3nc:auto_generated|_~21             ; out0             ;
; |morse_encoder|lpm_mux:Mux0|mux_3nc:auto_generated|_~23             ; |morse_encoder|lpm_mux:Mux0|mux_3nc:auto_generated|_~23             ; out0             ;
; |morse_encoder|lpm_mux:Mux0|mux_3nc:auto_generated|_~24             ; |morse_encoder|lpm_mux:Mux0|mux_3nc:auto_generated|_~24             ; out0             ;
; |morse_encoder|lpm_mux:Mux0|mux_3nc:auto_generated|_~25             ; |morse_encoder|lpm_mux:Mux0|mux_3nc:auto_generated|_~25             ; out0             ;
; |morse_encoder|lpm_mux:Mux0|mux_3nc:auto_generated|_~26             ; |morse_encoder|lpm_mux:Mux0|mux_3nc:auto_generated|_~26             ; out0             ;
; |morse_encoder|lpm_mux:Mux0|mux_3nc:auto_generated|_~27             ; |morse_encoder|lpm_mux:Mux0|mux_3nc:auto_generated|_~27             ; out0             ;
; |morse_encoder|lpm_mux:Mux0|mux_3nc:auto_generated|_~28             ; |morse_encoder|lpm_mux:Mux0|mux_3nc:auto_generated|_~28             ; out0             ;
; |morse_encoder|lpm_mux:Mux0|mux_3nc:auto_generated|_~29             ; |morse_encoder|lpm_mux:Mux0|mux_3nc:auto_generated|_~29             ; out0             ;
; |morse_encoder|lpm_mux:Mux0|mux_3nc:auto_generated|_~30             ; |morse_encoder|lpm_mux:Mux0|mux_3nc:auto_generated|_~30             ; out0             ;
; |morse_encoder|lpm_mux:Mux0|mux_3nc:auto_generated|_~32             ; |morse_encoder|lpm_mux:Mux0|mux_3nc:auto_generated|_~32             ; out0             ;
; |morse_encoder|lpm_mux:Mux0|mux_3nc:auto_generated|_~33             ; |morse_encoder|lpm_mux:Mux0|mux_3nc:auto_generated|_~33             ; out0             ;
; |morse_encoder|lpm_mux:Mux0|mux_3nc:auto_generated|_~34             ; |morse_encoder|lpm_mux:Mux0|mux_3nc:auto_generated|_~34             ; out0             ;
; |morse_encoder|lpm_mux:Mux0|mux_3nc:auto_generated|_~35             ; |morse_encoder|lpm_mux:Mux0|mux_3nc:auto_generated|_~35             ; out0             ;
; |morse_encoder|lpm_mux:Mux0|mux_3nc:auto_generated|_~36             ; |morse_encoder|lpm_mux:Mux0|mux_3nc:auto_generated|_~36             ; out0             ;
; |morse_encoder|lpm_mux:Mux0|mux_3nc:auto_generated|_~37             ; |morse_encoder|lpm_mux:Mux0|mux_3nc:auto_generated|_~37             ; out0             ;
; |morse_encoder|lpm_mux:Mux0|mux_3nc:auto_generated|_~38             ; |morse_encoder|lpm_mux:Mux0|mux_3nc:auto_generated|_~38             ; out0             ;
; |morse_encoder|lpm_mux:Mux0|mux_3nc:auto_generated|_~39             ; |morse_encoder|lpm_mux:Mux0|mux_3nc:auto_generated|_~39             ; out0             ;
; |morse_encoder|lpm_mux:Mux0|mux_3nc:auto_generated|_~40             ; |morse_encoder|lpm_mux:Mux0|mux_3nc:auto_generated|_~40             ; out0             ;
; |morse_encoder|lpm_mux:Mux0|mux_3nc:auto_generated|_~41             ; |morse_encoder|lpm_mux:Mux0|mux_3nc:auto_generated|_~41             ; out0             ;
; |morse_encoder|lpm_mux:Mux0|mux_3nc:auto_generated|_~42             ; |morse_encoder|lpm_mux:Mux0|mux_3nc:auto_generated|_~42             ; out0             ;
; |morse_encoder|lpm_mux:Mux0|mux_3nc:auto_generated|result_node[0]~1 ; |morse_encoder|lpm_mux:Mux0|mux_3nc:auto_generated|result_node[0]~1 ; out0             ;
; |morse_encoder|lpm_mux:Mux0|mux_3nc:auto_generated|result_node[0]   ; |morse_encoder|lpm_mux:Mux0|mux_3nc:auto_generated|result_node[0]   ; out0             ;
+---------------------------------------------------------------------+---------------------------------------------------------------------+------------------+


The following table displays output ports that do not toggle to 1 during simulation.
+--------------------------------------------------------------------------------------------------------------------------------------+
; Missing 1-Value Coverage                                                                                                             ;
+---------------------------------------------------------+---------------------------------------------------------+------------------+
; Node Name                                               ; Output Port Name                                        ; Output Port Type ;
+---------------------------------------------------------+---------------------------------------------------------+------------------+
; |morse_encoder|next_state~18                            ; |morse_encoder|next_state~18                            ; out0             ;
; |morse_encoder|KEY[0]                                   ; |morse_encoder|KEY[0]                                   ; out              ;
; |morse_encoder|Equal1~0                                 ; |morse_encoder|Equal1~0                                 ; out0             ;
; |morse_encoder|Equal2~0                                 ; |morse_encoder|Equal2~0                                 ; out0             ;
; |morse_encoder|Equal9~0                                 ; |morse_encoder|Equal9~0                                 ; out0             ;
; |morse_encoder|lpm_mux:Mux1|mux_3nc:auto_generated|_~18 ; |morse_encoder|lpm_mux:Mux1|mux_3nc:auto_generated|_~18 ; out0             ;
; |morse_encoder|lpm_mux:Mux1|mux_3nc:auto_generated|_~40 ; |morse_encoder|lpm_mux:Mux1|mux_3nc:auto_generated|_~40 ; out0             ;
; |morse_encoder|lpm_mux:Mux0|mux_3nc:auto_generated|_~0  ; |morse_encoder|lpm_mux:Mux0|mux_3nc:auto_generated|_~0  ; out0             ;
; |morse_encoder|lpm_mux:Mux0|mux_3nc:auto_generated|_~9  ; |morse_encoder|lpm_mux:Mux0|mux_3nc:auto_generated|_~9  ; out0             ;
; |morse_encoder|lpm_mux:Mux0|mux_3nc:auto_generated|_~22 ; |morse_encoder|lpm_mux:Mux0|mux_3nc:auto_generated|_~22 ; out0             ;
; |morse_encoder|lpm_mux:Mux0|mux_3nc:auto_generated|_~31 ; |morse_encoder|lpm_mux:Mux0|mux_3nc:auto_generated|_~31 ; out0             ;
+---------------------------------------------------------+---------------------------------------------------------+------------------+


The following table displays output ports that do not toggle to 0 during simulation.
+--------------------------------------------------------------------------------------------------------------------------------------+
; Missing 0-Value Coverage                                                                                                             ;
+---------------------------------------------------------+---------------------------------------------------------+------------------+
; Node Name                                               ; Output Port Name                                        ; Output Port Type ;
+---------------------------------------------------------+---------------------------------------------------------+------------------+
; |morse_encoder|KEY[0]                                   ; |morse_encoder|KEY[0]                                   ; out              ;
; |morse_encoder|lpm_mux:Mux1|mux_3nc:auto_generated|_~18 ; |morse_encoder|lpm_mux:Mux1|mux_3nc:auto_generated|_~18 ; out0             ;
; |morse_encoder|lpm_mux:Mux1|mux_3nc:auto_generated|_~40 ; |morse_encoder|lpm_mux:Mux1|mux_3nc:auto_generated|_~40 ; out0             ;
; |morse_encoder|lpm_mux:Mux0|mux_3nc:auto_generated|_~0  ; |morse_encoder|lpm_mux:Mux0|mux_3nc:auto_generated|_~0  ; out0             ;
; |morse_encoder|lpm_mux:Mux0|mux_3nc:auto_generated|_~9  ; |morse_encoder|lpm_mux:Mux0|mux_3nc:auto_generated|_~9  ; out0             ;
; |morse_encoder|lpm_mux:Mux0|mux_3nc:auto_generated|_~22 ; |morse_encoder|lpm_mux:Mux0|mux_3nc:auto_generated|_~22 ; out0             ;
; |morse_encoder|lpm_mux:Mux0|mux_3nc:auto_generated|_~31 ; |morse_encoder|lpm_mux:Mux0|mux_3nc:auto_generated|_~31 ; out0             ;
+---------------------------------------------------------+---------------------------------------------------------+------------------+


+---------------------+
; Simulator INI Usage ;
+--------+------------+
; Option ; Usage      ;
+--------+------------+


+--------------------+
; Simulator Messages ;
+--------------------+
Info: *******************************************************************
Info: Running Quartus II 64-Bit Simulator
    Info: Version 13.0.1 Build 232 06/12/2013 Service Pack 1 SJ Web Edition
    Info: Processing started: Thu Nov 16 00:43:20 2023
Info: Command: quartus_sim --simulation_results_format=VWF FSM -c FSM
Info (324025): Using vector source file "D:/University/Thiet_Ke_He_Thong_So_Voi_HDL/TH/LAB3/quartus_project/morse_encoder_Waveform.vwf"
Info (310003): Option to preserve fewer signal transitions to reduce memory requirements is enabled
    Info (310004): Simulation has been partitioned into sub-simulations according to the maximum transition count determined by the engine. Transitions from memory will be flushed out to disk at the end of each sub-simulation to reduce memory requirements.
Warning (324036): Found clock-sensitive change during active clock edge at time 190.0 ns on register "|morse_encoder|time_sec[0]"
Warning (324036): Found clock-sensitive change during active clock edge at time 190.0 ns on register "|morse_encoder|present_state[2]~reg0"
Warning (324036): Found clock-sensitive change during active clock edge at time 190.0 ns on register "|morse_encoder|present_state[1]~reg0"
Warning (324036): Found clock-sensitive change during active clock edge at time 190.0 ns on register "|morse_encoder|present_state[0]~reg0"
Info (310002): Simulation partitioned into 1 sub-simulations
Info (328053): Simulation coverage is      93.57 %
Info (328052): Number of transitions in simulation is 3749
Info (324045): Vector file FSM.sim.vwf is saved in VWF text format. You can compress it into CVWF format in order to reduce file size. For more details please refer to the Quartus II Help.
Info: Quartus II 64-Bit Simulator was successful. 0 errors, 4 warnings
    Info: Peak virtual memory: 4453 megabytes
    Info: Processing ended: Thu Nov 16 00:43:23 2023
    Info: Elapsed time: 00:00:03
    Info: Total CPU time (on all processors): 00:00:02


